\BOOKMARK [0][-]{chapter*.4}{\376\377\000L\000i\000s\000t\000\040\000o\000f\000\040\000A\000c\000r\000o\000n\000y\000m\000s\000\040\000a\000n\000d\000\040\000A\000b\000b\000r\000e\000v\000i\000a\000t\000i\000o\000n\000s}{}% 1
\BOOKMARK [0][-]{chapter.1}{\376\377\0001\000\040\000A\000\040\000R\000u\000l\000e\000r\000,\000\040\000a\000\040\000B\000r\000o\000a\000d\000c\000a\000s\000t\000,\000\040\000\046\000\040\000a\000n\000\040\000E\000r\000r\000o\000r\000\040\000B\000u\000d\000g\000e\000t}{}% 2
\BOOKMARK [1][-]{section.1.1}{\376\377\0001\000.\0001\000\040\000A\000\040\000R\000u\000l\000e\000r\000\040\000O\000l\000d\000e\000r\000\040\000T\000h\000a\000n\000\040\000t\000h\000e\000\040\000S\000t\000a\000r\000s}{chapter.1}% 3
\BOOKMARK [1][-]{section.1.2}{\376\377\0001\000.\0002\000\040\000T\000h\000e\000\040\000W\000i\000g\000g\000l\000e}{chapter.1}% 4
\BOOKMARK [1][-]{section.1.3}{\376\377\0001\000.\0003\000\040\000W\000a\000t\000c\000h\000i\000n\000g\000\040\000H\000y\000d\000r\000o\000g\000e\000n\000\040\000I\000n\000s\000t\000e\000a\000d\000\040\000o\000f\000\040\000G\000a\000l\000a\000x\000i\000e\000s}{chapter.1}% 5
\BOOKMARK [1][-]{section.1.4}{\376\377\0001\000.\0004\000\040\000W\000h\000e\000r\000e\000\040\000t\000h\000e\000\040\000M\000e\000a\000s\000u\000r\000e\000m\000e\000n\000t\000\040\000L\000i\000v\000e\000s\000,\000\040\000a\000n\000d\000\040\000W\000h\000a\000t\000\040\000E\000l\000s\000e\000\040\000L\000i\000v\000e\000s\000\040\000T\000h\000e\000r\000e}{chapter.1}% 6
\BOOKMARK [1][-]{section.1.5}{\376\377\0001\000.\0005\000\040\000T\000w\000o\000\040\000W\000a\000y\000s\000\040\000t\000o\000\040\000B\000e\000\040\000W\000r\000o\000n\000g}{chapter.1}% 7
\BOOKMARK [1][-]{section.1.6}{\376\377\0001\000.\0006\000\040\000W\000h\000y\000\040\000T\000i\000m\000e\000\040\000D\000o\000e\000s\000\040\000N\000o\000t\000\040\000F\000i\000x\000\040\000T\000h\000i\000s\000\040\000O\000n\000e}{chapter.1}% 8
\BOOKMARK [1][-]{section.1.7}{\376\377\0001\000.\0007\000\040\000H\000o\000w\000\040\000M\000u\000c\000h\000\040\000I\000s\000\040\000T\000o\000o\000\040\000M\000u\000c\000h\000:\000\040\000F\000r\000o\000m\000\040\000a\000\040\000C\000r\000i\000t\000e\000r\000i\000o\000n\000\040\000t\000o\000\040\000a\000\040\000N\000u\000m\000b\000e\000r}{chapter.1}% 9
\BOOKMARK [1][-]{section.1.8}{\376\377\0001\000.\0008\000\040\000T\000h\000e\000\040\000N\000e\000e\000d\000l\000e\000\040\000i\000n\000\040\000t\000h\000e\000\040\000S\000h\000e\000l\000f}{chapter.1}% 10
\BOOKMARK [1][-]{section.1.9}{\376\377\0001\000.\0009\000\040\000W\000h\000a\000t\000\040\000t\000h\000e\000\040\000D\000e\000t\000e\000c\000t\000o\000r\000\040\000M\000u\000s\000t\000\040\000B\000e}{chapter.1}% 11
\BOOKMARK [1][-]{section.1.10}{\376\377\0001\000.\0001\0000\000\040\000L\000i\000m\000i\000t\000s\000\040\000W\000i\000t\000h\000i\000n\000\040\000t\000h\000e\000\040\000M\000a\000s\000k\000-\000a\000n\000d\000-\000D\000i\000s\000c\000a\000r\000d\000\040\000P\000a\000r\000a\000d\000i\000g\000m}{chapter.1}% 12
\BOOKMARK [1][-]{section.1.11}{\376\377\0001\000.\0001\0001\000\040\000W\000h\000a\000t\000\040\000T\000h\000i\000s\000\040\000D\000i\000s\000s\000e\000r\000t\000a\000t\000i\000o\000n\000\040\000D\000o\000e\000s}{chapter.1}% 13
\BOOKMARK [0][-]{chapter.2}{\376\377\0002\000\040\000S\000c\000i\000e\000n\000t\000i\000f\000i\000c\000\040\000C\000o\000n\000t\000e\000x\000t\000,\000\040\000I\000n\000s\000t\000r\000u\000m\000e\000n\000t\000,\000\040\000\046\000\040\000t\000h\000e\000\040\000D\000e\000t\000e\000c\000t\000i\000o\000n\000\040\000P\000r\000o\000b\000l\000e\000m}{}% 14
\BOOKMARK [1][-]{section.2.1}{\376\377\0002\000.\0001\000\040\000S\000c\000i\000e\000n\000t\000i\000f\000i\000c\000\040\000C\000o\000n\000t\000e\000x\000t\000\040\000\046\000\040\000t\000h\000e\000\040\000I\000n\000t\000e\000r\000f\000e\000r\000e\000n\000c\000e\000\040\000P\000r\000o\000b\000l\000e\000m}{chapter.2}% 15
\BOOKMARK [1][-]{section.2.2}{\376\377\0002\000.\0002\000\040\000T\000h\000e\000\040\000I\000n\000s\000t\000r\000u\000m\000e\000n\000t\000\040\000\046\000\040\000S\000i\000g\000n\000a\000l\000\040\000P\000a\000t\000h}{chapter.2}% 16
\BOOKMARK [1][-]{section.2.3}{\376\377\0002\000.\0003\000\040\000T\000h\000e\000\040\000D\000e\000t\000e\000c\000t\000i\000o\000n\000\040\000P\000r\000o\000b\000l\000e\000m\000\040\000\046\000\040\000t\000h\000e\000\040\000S\000h\000a\000p\000e\000\040\000o\000f\000\040\000T\000h\000i\000s\000\040\000W\000o\000r\000k}{chapter.2}% 17
\BOOKMARK [0][-]{chapter.3}{\376\377\0003\000\040\000D\000i\000g\000i\000t\000a\000l\000\040\000T\000e\000l\000e\000v\000i\000s\000i\000o\000n\000\040\000R\000F\000\040\000A\000n\000a\000t\000o\000m\000y\000\040\000\046\000\040\000P\000a\000r\000a\000m\000e\000t\000r\000i\000c\000\040\000B\000e\000a\000c\000o\000n\000\040\000C\000h\000a\000r\000a\000c\000t\000e\000r\000i\000s\000t\000i\000c\000s}{}% 18
\BOOKMARK [1][-]{section.3.1}{\376\377\0003\000.\0001\000\040\000P\000h\000y\000s\000i\000c\000a\000l\000\040\000C\000h\000a\000n\000n\000e\000l\000\040\000A\000l\000l\000o\000c\000a\000t\000i\000o\000n\000s\000\040\000\046\000\040\000t\000h\000e\000\040\000U\000H\000F\000/\000V\000H\000F\000\040\000R\000a\000s\000t\000e\000r}{chapter.3}% 19
\BOOKMARK [1][-]{section.3.2}{\376\377\0003\000.\0002\000\040\0008\000-\000V\000S\000B\000\040\000S\000i\000g\000n\000a\000l\000\040\000A\000n\000a\000t\000o\000m\000y\000\040\000\046\000\040\000t\000h\000e\000\040\000N\000o\000r\000m\000a\000t\000i\000v\000e\000\040\000C\000l\000o\000c\000k\000\040\000R\000e\000l\000a\000t\000i\000o\000n\000s}{chapter.3}% 20
\BOOKMARK [1][-]{section.3.3}{\376\377\0003\000.\0003\000\040\000T\000h\000e\000\040\000S\000u\000p\000p\000r\000e\000s\000s\000e\000d\000-\000C\000a\000r\000r\000i\000e\000r\000\040\000P\000i\000l\000o\000t\000\040\000a\000s\000\040\000a\000\040\000D\000e\000t\000e\000c\000t\000i\000o\000n\000\040\000B\000e\000a\000c\000o\000n}{chapter.3}% 21
\BOOKMARK [1][-]{section.3.4}{\376\377\0003\000.\0004\000\040\000T\000h\000e\000\040\000T\000r\000a\000n\000s\000m\000i\000t\000t\000e\000r\000\040\000P\000o\000p\000u\000l\000a\000t\000i\000o\000n\000\040\000\046\000\040\000t\000h\000e\000\040\000P\000r\000o\000p\000a\000g\000a\000t\000i\000o\000n\000\040\000E\000n\000v\000i\000r\000o\000n\000m\000e\000n\000t}{chapter.3}% 22
\BOOKMARK [1][-]{section.3.5}{\376\377\0003\000.\0005\000\040\000S\000c\000o\000p\000e\000,\000\040\000S\000t\000a\000n\000d\000a\000r\000d\000\040\000E\000v\000o\000l\000u\000t\000i\000o\000n\000,\000\040\000\046\000\040\000G\000e\000n\000e\000r\000a\000l\000i\000z\000a\000t\000i\000o\000n}{chapter.3}% 23
\BOOKMARK [0][-]{chapter.4}{\376\377\0004\000\040\000S\000y\000s\000t\000e\000m\000\040\000P\000a\000r\000a\000m\000e\000t\000e\000r\000i\000z\000a\000t\000i\000o\000n\000\040\000\046\000\040\000W\000e\000i\000g\000h\000t\000\040\000P\000r\000o\000f\000i\000l\000e\000\040\000S\000y\000n\000t\000h\000e\000s\000i\000s}{}% 24
\BOOKMARK [1][-]{section.4.1}{\376\377\0004\000.\0001\000\040\000A\000r\000c\000h\000i\000t\000e\000c\000t\000u\000r\000a\000l\000\040\000T\000r\000a\000d\000e\000-\000O\000f\000f\000s\000\040\000\046\000\040\000P\000a\000r\000a\000m\000e\000t\000e\000r\000\040\000J\000u\000s\000t\000i\000f\000i\000c\000a\000t\000i\000o\000n\000s}{chapter.4}% 25
\BOOKMARK [1][-]{section.4.2}{\376\377\0004\000.\0002\000\040\000T\000a\000r\000g\000e\000t\000\040\000P\000r\000o\000f\000i\000l\000e\000\040\000S\000y\000n\000t\000h\000e\000s\000i\000s\000\040\000v\000i\000a\000\040\000D\000T\000V\000\040\000P\000i\000l\000o\000t\000\040\000M\000a\000t\000c\000h\000i\000n\000g}{chapter.4}% 26
\BOOKMARK [1][-]{section.4.3}{\376\377\0004\000.\0003\000\040\000R\000e\000f\000e\000r\000e\000n\000c\000e\000\040\000P\000r\000o\000f\000i\000l\000e\000\040\000G\000e\000n\000e\000r\000a\000t\000i\000o\000n\000\040\000v\000i\000a\000\040\000U\000n\000i\000t\000a\000r\000y\000\040\000S\000h\000i\000f\000t}{chapter.4}% 27
\BOOKMARK [0][-]{chapter.5}{\376\377\0005\000\040\000M\000u\000l\000t\000i\000c\000h\000a\000n\000n\000e\000l\000\040\000S\000i\000g\000n\000a\000l\000\040\000P\000r\000o\000c\000e\000s\000s\000i\000n\000g\000\040\000\046\000\040\000D\000e\000t\000e\000c\000t\000i\000o\000n\000\040\000P\000i\000p\000e\000l\000i\000n\000e}{}% 28
\BOOKMARK [1][-]{section.5.1}{\376\377\0005\000.\0001\000\040\000P\000r\000o\000b\000l\000e\000m\000\040\000F\000o\000r\000m\000u\000l\000a\000t\000i\000o\000n\000\040\000\046\000\040\000S\000y\000s\000t\000e\000m\000\040\000D\000e\000f\000i\000n\000i\000t\000i\000o\000n\000s}{chapter.5}% 29
\BOOKMARK [1][-]{section.5.2}{\376\377\0005\000.\0002\000\040\000S\000u\000b\000-\000F\000r\000a\000m\000e\000\040\000S\000e\000g\000m\000e\000n\000t\000a\000t\000i\000o\000n\000\040\000\046\000\040\000W\000e\000i\000g\000h\000t\000\040\000P\000r\000o\000j\000e\000c\000t\000i\000o\000n}{chapter.5}% 30
\BOOKMARK [1][-]{section.5.3}{\376\377\0005\000.\0003\000\040\000C\000o\000h\000e\000r\000e\000n\000t\000\040\000S\000p\000e\000c\000t\000r\000a\000l\000\040\000I\000n\000t\000e\000g\000r\000a\000t\000i\000o\000n}{chapter.5}% 31
\BOOKMARK [1][-]{section.5.4}{\376\377\0005\000.\0004\000\040\000N\000o\000n\000-\000C\000o\000h\000e\000r\000e\000n\000t\000\040\000S\000p\000a\000t\000i\000a\000l\000\040\000I\000n\000t\000e\000g\000r\000a\000t\000i\000o\000n\000\040\000\046\000\040\000T\000e\000s\000t\000\040\000S\000t\000a\000t\000i\000s\000t\000i\000c\000s}{chapter.5}% 32
\BOOKMARK [1][-]{section.5.5}{\376\377\0005\000.\0005\000\040\000S\000t\000a\000t\000i\000s\000t\000i\000c\000a\000l\000\040\000D\000i\000s\000t\000r\000i\000b\000u\000t\000i\000o\000n\000\040\000\046\000\040\000C\000F\000A\000R\000\040\000D\000e\000c\000i\000s\000i\000o\000n\000\040\000R\000u\000l\000e}{chapter.5}% 33
\BOOKMARK [1][-]{section.5.6}{\376\377\0005\000.\0006\000\040\000A\000\040\000W\000o\000r\000k\000e\000d\000\040\000E\000x\000a\000m\000p\000l\000e}{chapter.5}% 34
\BOOKMARK [0][-]{chapter.6}{\376\377\0006\000\040\000E\000x\000a\000c\000t\000-\000A\000r\000i\000t\000h\000m\000e\000t\000i\000c\000\040\000I\000m\000p\000l\000e\000m\000e\000n\000t\000a\000t\000i\000o\000n\000\040\000\046\000\040\000V\000e\000r\000i\000f\000i\000c\000a\000t\000i\000o\000n}{}% 35
\BOOKMARK [1][-]{section.6.1}{\376\377\0006\000.\0001\000\040\000T\000h\000e\000\040\000E\000x\000a\000c\000t\000n\000e\000s\000s\000\040\000C\000o\000n\000t\000r\000a\000c\000t}{chapter.6}% 36
\BOOKMARK [1][-]{section.6.2}{\376\377\0006\000.\0002\000\040\000T\000h\000e\000\040\000P\000a\000c\000k\000e\000d\000\040\000F\000i\000x\000e\000d\000-\000P\000o\000i\000n\000t\000\040\000D\000a\000t\000a\000p\000a\000t\000h}{chapter.6}% 37
\BOOKMARK [1][-]{section.6.3}{\376\377\0006\000.\0003\000\040\000T\000h\000e\000\040\000F\000r\000o\000z\000e\000n\000\040\000F\000i\000x\000e\000d\000-\000P\000o\000i\000n\000t\000\040\000T\000r\000a\000n\000s\000f\000o\000r\000m\000:\000\040\000t\000h\000e\000\040\000f\000x\000f\000f\000t\000\040\000F\000a\000m\000i\000l\000y}{chapter.6}% 38
\BOOKMARK [1][-]{section.6.4}{\376\377\0006\000.\0004\000\040\000E\000x\000a\000c\000t\000\040\000R\000a\000t\000i\000o\000n\000a\000l\000\040\000D\000e\000c\000i\000s\000i\000o\000n\000\040\000A\000r\000i\000t\000h\000m\000e\000t\000i\000c}{chapter.6}% 39
\BOOKMARK [1][-]{section.6.5}{\376\377\0006\000.\0005\000\040\000T\000h\000e\000\040\000F\000u\000s\000e\000d\000\040\000K\000e\000r\000n\000e\000l}{chapter.6}% 40
\BOOKMARK [1][-]{section.6.6}{\376\377\0006\000.\0006\000\040\000V\000e\000r\000i\000f\000i\000c\000a\000t\000i\000o\000n\000\040\000M\000e\000t\000h\000o\000d\000o\000l\000o\000g\000y\000\040\000\046\000\040\000M\000e\000a\000s\000u\000r\000e\000d\000\040\000P\000e\000r\000f\000o\000r\000m\000a\000n\000c\000e}{chapter.6}% 41
\BOOKMARK [1][-]{section.6.7}{\376\377\0006\000.\0007\000\040\000C\000o\000n\000t\000r\000o\000l\000l\000e\000d\000\040\000I\000n\000j\000e\000c\000t\000i\000o\000n\000\040\000a\000n\000d\000\040\000M\000e\000a\000s\000u\000r\000e\000d\000\040\000L\000e\000g\000a\000c\000y\000\040\000I\000m\000p\000l\000e\000m\000e\000n\000t\000a\000t\000i\000o\000n\000\040\000L\000o\000s\000s}{chapter.6}% 42
\BOOKMARK [0][-]{chapter.7}{\376\377\0007\000\040\000T\000h\000e\000\040\000S\000u\000r\000v\000e\000y\000:\000\040\000C\000a\000p\000t\000u\000r\000e\000s\000,\000\040\000T\000r\000a\000w\000l\000,\000\040\000\046\000\040\000P\000r\000o\000d\000u\000c\000t\000s}{}% 43
\BOOKMARK [1][-]{section.7.1}{\376\377\0007\000.\0001\000\040\000T\000r\000i\000g\000g\000e\000r\000e\000d\000\040\000B\000a\000s\000e\000b\000a\000n\000d\000\040\000C\000a\000p\000t\000u\000r\000e\000s\000\040\000a\000n\000d\000\040\000T\000h\000e\000i\000r\000\040\000S\000e\000l\000e\000c\000t\000i\000o\000n\000\040\000F\000u\000n\000c\000t\000i\000o\000n}{chapter.7}% 44
\BOOKMARK [1][-]{section.7.2}{\376\377\0007\000.\0002\000\040\000A\000\040\000R\000e\000s\000t\000a\000r\000t\000a\000b\000l\000e\000,\000\040\000B\000o\000u\000n\000d\000e\000d\000-\000S\000t\000o\000r\000a\000g\000e\000\040\000T\000r\000a\000w\000l}{chapter.7}% 45
\BOOKMARK [1][-]{section.7.3}{\376\377\0007\000.\0003\000\040\000P\000r\000o\000d\000u\000c\000t\000s\000:\000\040\000S\000t\000a\000t\000i\000s\000t\000i\000c\000s\000,\000\040\000N\000o\000t\000\040\000O\000n\000l\000y\000\040\000V\000e\000r\000d\000i\000c\000t\000s}{chapter.7}% 46
\BOOKMARK [1][-]{section.7.4}{\376\377\0007\000.\0004\000\040\000R\000e\000p\000r\000o\000d\000u\000c\000t\000i\000o\000n\000\040\000a\000n\000d\000\040\000t\000h\000e\000\040\000R\000e\000q\000u\000i\000r\000e\000d\000\040\000D\000e\000n\000o\000m\000i\000n\000a\000t\000o\000r}{chapter.7}% 47
\BOOKMARK [1][-]{section.7.5}{\376\377\0007\000.\0005\000\040\000S\000e\000l\000e\000c\000t\000i\000o\000n\000-\000A\000w\000a\000r\000e\000\040\000C\000a\000l\000i\000b\000r\000a\000t\000i\000o\000n\000\040\000a\000n\000d\000\040\000H\000o\000l\000d\000o\000u\000t\000\040\000D\000e\000s\000i\000g\000n}{chapter.7}% 48
\BOOKMARK [0][-]{chapter.8}{\376\377\0008\000\040\000C\000a\000l\000i\000b\000r\000a\000t\000i\000o\000n\000:\000\040\000A\000n\000c\000h\000o\000r\000s\000,\000\040\000N\000u\000l\000l\000s\000,\000\040\000\046\000\040\000O\000p\000e\000r\000a\000t\000i\000n\000g\000\040\000P\000o\000i\000n\000t\000s}{}% 49
\BOOKMARK [1][-]{section.8.1}{\376\377\0008\000.\0001\000\040\000A\000n\000c\000h\000o\000r\000\040\000L\000o\000c\000a\000l\000i\000z\000a\000t\000i\000o\000n}{chapter.8}% 50
\BOOKMARK [1][-]{section.8.2}{\376\377\0008\000.\0002\000\040\000A\000\040\000F\000l\000o\000o\000r\000\040\000I\000s\000\040\000N\000o\000t\000\040\000t\000h\000e\000\040\000S\000m\000a\000l\000l\000e\000s\000t\000\040\000O\000b\000s\000e\000r\000v\000e\000d\000\040\000V\000a\000l\000u\000e}{chapter.8}% 51
\BOOKMARK [1][-]{section.8.3}{\376\377\0008\000.\0003\000\040\000C\000o\000r\000r\000e\000l\000a\000t\000i\000o\000n\000\040\000T\000i\000m\000e\000\040\000a\000n\000d\000\040\000R\000e\000f\000u\000s\000a\000l\000\040\000S\000e\000m\000a\000n\000t\000i\000c\000s}{chapter.8}% 52
\BOOKMARK [1][-]{section.8.4}{\376\377\0008\000.\0004\000\040\000P\000e\000r\000-\000E\000p\000o\000c\000h\000\040\000O\000p\000e\000r\000a\000t\000i\000n\000g\000\040\000P\000o\000i\000n\000t\000s}{chapter.8}% 53
\BOOKMARK [1][-]{section.8.5}{\376\377\0008\000.\0005\000\040\000L\000e\000g\000a\000c\000y\000\040\000S\000e\000n\000s\000i\000t\000i\000v\000i\000t\000y\000\040\000S\000c\000a\000l\000e\000\040\000a\000n\000d\000\040\000t\000h\000e\000\040\000C\000o\000s\000t\000\040\000o\000f\000\040\000T\000a\000i\000l\000\040\000C\000u\000t\000t\000i\000n\000g}{chapter.8}% 54
\BOOKMARK [1][-]{section.8.6}{\376\377\0008\000.\0006\000\040\000C\000l\000o\000s\000i\000n\000g\000\040\000C\000a\000l\000i\000b\000r\000a\000t\000i\000o\000n\000\040\000C\000a\000m\000p\000a\000i\000g\000n}{chapter.8}% 55
\BOOKMARK [0][-]{chapter.9}{\376\377\0009\000\040\000N\000o\000i\000s\000e\000\040\000T\000o\000l\000e\000r\000a\000n\000c\000e\000:\000\040\000P\000r\000i\000c\000i\000n\000g\000\040\000t\000h\000e\000\040\000M\000a\000s\000k\000\040\000f\000o\000r\000\040\000B\000A\000O\000\040\000C\000o\000s\000m\000o\000l\000o\000g\000y}{}% 56
\BOOKMARK [1][-]{section.9.1}{\376\377\0009\000.\0001\000\040\000T\000h\000e\000\040\000B\000a\000n\000d\000\040\000a\000t\000\040\000S\000t\000a\000k\000e\000,\000\040\000a\000n\000d\000\040\000t\000h\000e\000\040\000F\000o\000r\000e\000c\000a\000s\000t\000\040\000F\000r\000a\000m\000e}{chapter.9}% 57
\BOOKMARK [1][-]{section.9.2}{\376\377\0009\000.\0002\000\040\000T\000h\000e\000\040\000F\000o\000o\000t\000p\000r\000i\000n\000t\000:\000\040\000O\000n\000e\000\040\000B\000i\000n\000\040\000M\000e\000a\000s\000u\000r\000e\000d\000,\000\040\000F\000o\000u\000r\000t\000e\000e\000n\000\040\000P\000r\000o\000t\000e\000c\000t\000e\000d}{chapter.9}% 58
\BOOKMARK [1][-]{section.9.3}{\376\377\0009\000.\0003\000\040\000T\000h\000e\000\040\000C\000o\000s\000t\000\040\000S\000i\000d\000e\000:\000\040\000M\000a\000s\000k\000i\000n\000g\000\040\000A\000l\000o\000n\000e}{chapter.9}% 59
\BOOKMARK [1][-]{section.9.4}{\376\377\0009\000.\0004\000\040\000T\000h\000e\000\040\000B\000e\000n\000e\000f\000i\000t\000\040\000S\000i\000d\000e\000:\000\040\000t\000h\000e\000\040\000R\000e\000s\000i\000d\000u\000a\000l\000\040\000C\000h\000a\000i\000n}{chapter.9}% 60
\BOOKMARK [1][-]{section.9.5}{\376\377\0009\000.\0005\000\040\000T\000h\000e\000\040\000D\000e\000c\000i\000s\000i\000o\000n\000:\000\040\000F\000o\000u\000r\000\040\000P\000o\000l\000i\000c\000i\000e\000s\000,\000\040\000O\000n\000e\000\040\000O\000r\000d\000e\000r\000i\000n\000g}{chapter.9}% 61
\BOOKMARK [1][-]{section.9.6}{\376\377\0009\000.\0006\000\040\000T\000h\000e\000\040\000I\000n\000c\000u\000m\000b\000e\000n\000t\000\040\000C\000o\000m\000p\000a\000r\000i\000s\000o\000n\000:\000\040\000W\000h\000y\000\040\000a\000\040\000R\000e\000f\000e\000r\000e\000n\000c\000e\000\040\000B\000e\000a\000t\000s\000\040\000a\000\040\000B\000a\000s\000e\000l\000i\000n\000e}{chapter.9}% 62
\BOOKMARK [1][-]{section.9.7}{\376\377\0009\000.\0007\000\040\000P\000r\000o\000p\000a\000g\000a\000t\000i\000o\000n\000\040\000t\000o\000\040\000C\000o\000s\000m\000o\000l\000o\000g\000i\000c\000a\000l\000\040\000P\000a\000r\000a\000m\000e\000t\000e\000r\000s}{chapter.9}% 63
\BOOKMARK [1][-]{section.9.8}{\376\377\0009\000.\0008\000\040\000T\000h\000e\000\040\000F\000o\000r\000e\000c\000a\000s\000t\000-\000S\000e\000l\000e\000c\000t\000e\000d\000\040\000O\000p\000e\000r\000a\000t\000i\000n\000g\000\040\000P\000o\000i\000n\000t}{chapter.9}% 64
\BOOKMARK [1][-]{section.9.9}{\376\377\0009\000.\0009\000\040\000T\000h\000e\000\040\000D\000e\000l\000a\000y\000\040\000F\000i\000l\000t\000e\000r\000\040\000B\000o\000o\000k\000e\000d\000\040\000o\000n\000\040\000B\000o\000t\000h\000\040\000S\000i\000d\000e\000s}{chapter.9}% 65
\BOOKMARK [1][-]{section.9.10}{\376\377\0009\000.\0001\0000\000\040\000E\000i\000g\000h\000t\000\040\000Y\000e\000a\000r\000s\000\040\000I\000s\000\040\000N\000o\000t\000\040\000O\000n\000e\000\040\000E\000r\000a}{chapter.9}% 66
\BOOKMARK [1][-]{section.9.11}{\376\377\0009\000.\0001\0001\000\040\000M\000e\000a\000s\000u\000r\000e\000d\000\040\000V\000e\000r\000d\000i\000c\000t\000s\000,\000\040\000a\000n\000d\000\040\000W\000h\000a\000t\000\040\000t\000h\000e\000\040\000A\000r\000c\000h\000i\000v\000e\000\040\000C\000a\000n\000n\000o\000t\000\040\000S\000e\000t\000t\000l\000e}{chapter.9}% 67
\BOOKMARK [1][-]{section.9.12}{\376\377\0009\000.\0001\0002\000\040\000T\000h\000e\000\040\000L\000o\000w\000e\000r\000\040\000B\000a\000n\000d\000,\000\040\000M\000e\000a\000s\000u\000r\000e\000d\000:\000\040\000t\000h\000e\000\040\000A\000u\000g\000u\000s\000t\000\040\0002\0000\0002\0006\000\040\000C\000o\000m\000p\000l\000e\000t\000i\000o\000n}{chapter.9}% 68
\BOOKMARK [0][-]{chapter.10}{\376\377\0001\0000\000\040\000R\000e\000a\000l\000-\000T\000i\000m\000e\000\040\000I\000n\000t\000e\000g\000r\000a\000t\000i\000o\000n\000\040\000C\000o\000n\000t\000r\000a\000c\000t\000\040\000\046\000\040\000O\000p\000e\000r\000a\000t\000i\000o\000n\000s}{}% 69
\BOOKMARK [1][-]{section.10.1}{\376\377\0001\0000\000.\0001\000\040\000S\000t\000a\000g\000e\000\040\000B\000o\000u\000n\000d\000a\000r\000y\000\040\000a\000n\000d\000\040\000F\000r\000a\000m\000e\000\040\000A\000l\000i\000g\000n\000m\000e\000n\000t}{chapter.10}% 70
\BOOKMARK [1][-]{section.10.2}{\376\377\0001\0000\000.\0002\000\040\000I\000n\000i\000t\000i\000a\000l\000i\000z\000a\000t\000i\000o\000n\000,\000\040\000S\000y\000n\000c\000h\000r\000o\000n\000i\000z\000a\000t\000i\000o\000n\000,\000\040\000a\000n\000d\000\040\000F\000a\000i\000l\000u\000r\000e\000\040\000S\000e\000m\000a\000n\000t\000i\000c\000s}{chapter.10}% 71
\BOOKMARK [1][-]{section.10.3}{\376\377\0001\0000\000.\0003\000\040\000O\000p\000e\000r\000a\000t\000i\000o\000n\000s\000\040\000R\000u\000n\000b\000o\000o\000k}{chapter.10}% 72
\BOOKMARK [1][-]{section.10.4}{\376\377\0001\0000\000.\0004\000\040\000M\000o\000n\000i\000t\000o\000r\000i\000n\000g\000:\000\040\000T\000r\000i\000p\000w\000i\000r\000e\000,\000\040\000S\000e\000n\000t\000i\000n\000e\000l\000,\000\040\000a\000n\000d\000\040\000D\000r\000i\000f\000t}{chapter.10}% 73
\BOOKMARK [1][-]{section.10.5}{\376\377\0001\0000\000.\0005\000\040\000P\000e\000r\000f\000o\000r\000m\000a\000n\000c\000e\000\040\000A\000c\000c\000e\000p\000t\000a\000n\000c\000e}{chapter.10}% 74
\BOOKMARK [0][-]{chapter.11}{\376\377\0001\0001\000\040\000C\000o\000n\000c\000l\000u\000s\000i\000o\000n\000s\000\040\000\046\000\040\000F\000u\000t\000u\000r\000e\000\040\000W\000o\000r\000k}{}% 75
\BOOKMARK [1][-]{section.11.1}{\376\377\0001\0001\000.\0001\000\040\000W\000h\000a\000t\000\040\000T\000h\000i\000s\000\040\000W\000o\000r\000k\000\040\000E\000s\000t\000a\000b\000l\000i\000s\000h\000e\000s}{chapter.11}% 76
\BOOKMARK [1][-]{section.11.2}{\376\377\0001\0001\000.\0002\000\040\000C\000u\000r\000r\000e\000n\000t\000\040\000C\000h\000a\000n\000n\000e\000l\000-\000L\000e\000v\000e\000l\000\040\000S\000y\000n\000t\000h\000e\000s\000i\000s}{chapter.11}% 77
\BOOKMARK [1][-]{section.11.3}{\376\377\0001\0001\000.\0003\000\040\000W\000h\000a\000t\000\040\000R\000e\000m\000a\000i\000n\000s\000\040\000t\000o\000\040\000C\000l\000o\000s\000e\000\040\000t\000h\000e\000\040\000V\000e\000r\000d\000i\000c\000t}{chapter.11}% 78
\BOOKMARK [1][-]{section.11.4}{\376\377\0001\0001\000.\0004\000\040\000C\000l\000o\000s\000i\000n\000g\000\040\000P\000e\000r\000s\000p\000e\000c\000t\000i\000v\000e}{chapter.11}% 79
\BOOKMARK [0][-]{appendix.A}{\376\377\000A\000\040\000E\000v\000i\000d\000e\000n\000c\000e\000,\000\040\000A\000s\000s\000u\000m\000p\000t\000i\000o\000n\000s\000,\000\040\000a\000n\000d\000\040\000C\000l\000o\000s\000i\000n\000g\000\040\000T\000e\000s\000t\000s}{}% 80
\BOOKMARK [0][-]{appendix.B}{\376\377\000B\000\040\000L\000e\000g\000a\000c\000y\000\040\000V\000a\000l\000i\000d\000a\000t\000i\000o\000n\000\040\000E\000v\000i\000d\000e\000n\000c\000e\000\040\000a\000n\000d\000\040\000R\000e\000u\000s\000e\000\040\000B\000o\000u\000n\000d\000a\000r\000i\000e\000s}{}% 81
\BOOKMARK [1][-]{section.B.1}{\376\377\000B\000.\0001\000\040\000C\000o\000n\000t\000r\000o\000l\000l\000e\000d\000-\000I\000n\000j\000e\000c\000t\000i\000o\000n\000\040\000E\000v\000i\000d\000e\000n\000c\000e}{appendix.B}% 82
\BOOKMARK [1][-]{section.B.2}{\376\377\000B\000.\0002\000\040\000S\000e\000n\000s\000i\000t\000i\000v\000i\000t\000y\000\040\000G\000e\000o\000m\000e\000t\000r\000y\000\040\000a\000n\000d\000\040\000P\000o\000l\000i\000c\000y\000\040\000L\000e\000s\000s\000o\000n\000s}{appendix.B}% 83
\BOOKMARK [1][-]{section.B.3}{\376\377\000B\000.\0003\000\040\000B\000l\000i\000n\000d\000\040\000S\000p\000o\000t\000s\000\040\000a\000n\000d\000\040\000S\000p\000e\000c\000t\000r\000a\000l\000\040\000F\000o\000r\000e\000n\000s\000i\000c\000s}{appendix.B}% 84
\BOOKMARK [1][-]{section.B.4}{\376\377\000B\000.\0004\000\040\000C\000a\000n\000o\000n\000i\000c\000a\000l\000\040\000E\000v\000i\000d\000e\000n\000c\000e\000\040\000D\000i\000r\000e\000c\000t\000o\000r\000y}{appendix.B}% 85
\BOOKMARK [0][-]{section.B.4}{\376\377\000B\000i\000b\000l\000i\000o\000g\000r\000a\000p\000h\000y}{}% 86
